[templates.envytheme.com/startp/default/index.html]
[templates.envytheme.com/startp/default/assets/css/bootstrap.min.css]
[templates.envytheme.com/startp/default/assets/css/animate.min.css]
[templates.envytheme.com/startp/default/assets/css/meanmenu.css]
[templates.envytheme.com/startp/default/assets/css/boxicons.min.css]
[templates.envytheme.com/startp/default/assets/css/magnific-popup.min.css]
[templates.envytheme.com/startp/default/assets/css/owl.carousel.min.css]
[templates.envytheme.com/startp/default/assets/css/flaticon.css]
[templates.envytheme.com/startp/default/assets/css/odometer.min.css]
[templates.envytheme.com/startp/default/assets/css/slick.min.css]
[templates.envytheme.com/startp/default/assets/css/style.css]
[templates.envytheme.com/startp/default/assets/css/responsive.css]
[backblue.gif]
[fade.gif]
[index.html]
[templates.envytheme.com/startp/default/assets/css/dark-color/dark-style.css]
[templates.envytheme.com/startp/default/assets/img/favicon.png]
[templates.envytheme.com/startp/default/assets/img/logo.png]
[templates.envytheme.com/startp/default/assets/img/white-logo.png]
[templates.envytheme.com/startp/default/brink-pink-index.html]
[templates.envytheme.com/startp/default/pink-index.html]
[templates.envytheme.com/startp/default/purple-index.html]
[templates.envytheme.com/startp/default/index-2.html]
[templates.envytheme.com/startp/default/brink-pink-index-2.html]
[templates.envytheme.com/startp/default/pink-index-2.html]
[templates.envytheme.com/startp/default/purple-index-2.html]
[templates.envytheme.com/startp/default/index-3.html]
[templates.envytheme.com/startp/default/brink-pink-index-3.html]
[templates.envytheme.com/startp/default/pink-index-3.html]
[templates.envytheme.com/startp/default/purple-index-3.html]
[templates.envytheme.com/startp/default/repair-index.html]
[templates.envytheme.com/startp/default/brink-pink-repair-index.html]
[templates.envytheme.com/startp/default/pink-repair-index.html]
[templates.envytheme.com/startp/default/purple-repair-index.html]
[templates.envytheme.com/startp/default/iot-index.html]
[templates.envytheme.com/startp/default/brink-pink-iot-index.html]
[templates.envytheme.com/startp/default/pink-iot-index.html]
[templates.envytheme.com/startp/default/purple-iot-index.html]
[templates.envytheme.com/startp/default/machine-learning-index.html]
[templates.envytheme.com/startp/default/brink-pink-machine-learning-index.html]
[templates.envytheme.com/startp/default/pink-machine-learning-index.html]
[templates.envytheme.com/startp/default/purple-machine-learning-index.html]
[templates.envytheme.com/startp/default/machine-learning-index-2.html]
[templates.envytheme.com/startp/default/brink-pink-machine-learning-index-2.html]
[templates.envytheme.com/startp/default/pink-machine-learning-index-2.html]
[templates.envytheme.com/startp/default/purple-machine-learning-index-2.html]
[templates.envytheme.com/startp/default/agency-index.html]
[templates.envytheme.com/startp/default/brink-pink-agency-index.html]
[templates.envytheme.com/startp/default/pink-agency-index.html]
[templates.envytheme.com/startp/default/purple-agency-index.html]
[templates.envytheme.com/startp/default/agency-portfolio-index.html]
[templates.envytheme.com/startp/default/brink-pink-agency-portfolio-index.html]
[templates.envytheme.com/startp/default/pink-agency-portfolio-index.html]
[templates.envytheme.com/startp/default/purple-agency-portfolio-index.html]
[templates.envytheme.com/startp/default/bigdata-analytics-index.html]
[templates.envytheme.com/startp/default/brink-pink-bigdata-analytics-index.html]
[templates.envytheme.com/startp/default/pink-bigdata-analytics-index.html]
[templates.envytheme.com/startp/default/purple-bigdata-analytics-index.html]
[templates.envytheme.com/startp/default/static-image-index.html]
[templates.envytheme.com/startp/default/static-image-index-2.html]
[templates.envytheme.com/startp/default/static-image-index-3.html]
[templates.envytheme.com/startp/default/about-1.html]
[templates.envytheme.com/startp/default/about-2.html]
[templates.envytheme.com/startp/default/about-3.html]
[templates.envytheme.com/startp/default/features.html]
[templates.envytheme.com/startp/default/single-features.html]
[templates.envytheme.com/startp/default/services-1.html]
[templates.envytheme.com/startp/default/services-2.html]
[templates.envytheme.com/startp/default/services-3.html]
[templates.envytheme.com/startp/default/services-4.html]
[templates.envytheme.com/startp/default/services-5.html]
[templates.envytheme.com/startp/default/single-services.html]
[templates.envytheme.com/startp/default/feedback.html]
[templates.envytheme.com/startp/default/project-1.html]
[templates.envytheme.com/startp/default/project-2.html]
[templates.envytheme.com/startp/default/single-project.html]
[templates.envytheme.com/startp/default/team.html]
[templates.envytheme.com/startp/default/pricing.html]
[templates.envytheme.com/startp/default/login.html]
[templates.envytheme.com/startp/default/register.html]
[templates.envytheme.com/startp/default/forgot-password.html]
[templates.envytheme.com/startp/default/privacy-policy.html]
[templates.envytheme.com/startp/default/terms-conditions.html]
[templates.envytheme.com/startp/default/faq.html]
[templates.envytheme.com/startp/default/coming-soon.html]
[templates.envytheme.com/startp/default/404-error.html]
[templates.envytheme.com/startp/default/shop.html]
[templates.envytheme.com/startp/default/single-products.html]
[templates.envytheme.com/startp/default/cart.html]
[templates.envytheme.com/startp/default/checkout.html]
[templates.envytheme.com/startp/default/blog-1.html]
[templates.envytheme.com/startp/default/blog-2.html]
[templates.envytheme.com/startp/default/blog-3.html]
[templates.envytheme.com/startp/default/blog-4.html]
[templates.envytheme.com/startp/default/blog-5.html]
[templates.envytheme.com/startp/default/blog-6.html]
[templates.envytheme.com/startp/default/single-blog.html]
[templates.envytheme.com/startp/default/contact.html]
[templates.envytheme.com/startp/default/assets/img/banner-image/man.png]
[templates.envytheme.com/startp/default/assets/img/banner-image/code.png]
[templates.envytheme.com/startp/default/assets/img/banner-image/carpet.png]
[templates.envytheme.com/startp/default/assets/img/banner-image/bin.png]
[templates.envytheme.com/startp/default/assets/img/banner-image/book.png]
[templates.envytheme.com/startp/default/assets/img/banner-image/dekstop.png]
[templates.envytheme.com/startp/default/assets/img/banner-image/dot.png]
[templates.envytheme.com/startp/default/assets/img/banner-image/flower-top-big.png]
[templates.envytheme.com/startp/default/assets/img/banner-image/flower-top.png]
[templates.envytheme.com/startp/default/assets/img/banner-image/keyboard.png]
[templates.envytheme.com/startp/default/assets/img/banner-image/pen.png]
[templates.envytheme.com/startp/default/assets/img/banner-image/table.png]
[templates.envytheme.com/startp/default/assets/img/banner-image/tea-cup.png]
[templates.envytheme.com/startp/default/assets/img/banner-image/headphone.png]
[templates.envytheme.com/startp/default/assets/img/banner-image/main-pic.png]
[templates.envytheme.com/startp/default/assets/img/shape1.png]
[templates.envytheme.com/startp/default/assets/img/shape2.svg]
[templates.envytheme.com/startp/default/assets/img/shape3.svg]
[templates.envytheme.com/startp/default/assets/img/shape4.svg]
[templates.envytheme.com/startp/default/assets/img/shape5.png]
[templates.envytheme.com/startp/default/assets/img/services-right-image/book-self.png]
[templates.envytheme.com/startp/default/assets/img/services-right-image/box.png]
[templates.envytheme.com/startp/default/assets/img/services-right-image/chair.png]
[templates.envytheme.com/startp/default/assets/img/services-right-image/cloud.png]
[templates.envytheme.com/startp/default/assets/img/services-right-image/cup.png]
[templates.envytheme.com/startp/default/assets/img/services-right-image/flower-top.png]
[templates.envytheme.com/startp/default/assets/img/services-right-image/head-phone.png]
[templates.envytheme.com/startp/default/assets/img/services-right-image/monitor.png]
[templates.envytheme.com/startp/default/assets/img/services-right-image/mug.png]
[templates.envytheme.com/startp/default/assets/img/services-right-image/table.png]
[templates.envytheme.com/startp/default/assets/img/services-right-image/tissue.png]
[templates.envytheme.com/startp/default/assets/img/services-right-image/water-bottle.png]
[templates.envytheme.com/startp/default/assets/img/services-right-image/wifi.png]
[templates.envytheme.com/startp/default/assets/img/services-right-image/cercle-shape.png]
[templates.envytheme.com/startp/default/assets/img/services-right-image/main-pic.png]
[templates.envytheme.com/startp/default/assets/img/services-left-image/big-monitor.png]
[templates.envytheme.com/startp/default/assets/img/services-left-image/creative.png]
[templates.envytheme.com/startp/default/assets/img/services-left-image/developer.png]
[templates.envytheme.com/startp/default/assets/img/services-left-image/flower-top.png]
[templates.envytheme.com/startp/default/assets/img/services-left-image/small-monitor.png]
[templates.envytheme.com/startp/default/assets/img/services-left-image/small-top.png]
[templates.envytheme.com/startp/default/assets/img/services-left-image/table.png]
[templates.envytheme.com/startp/default/assets/img/services-left-image/target.png]
[templates.envytheme.com/startp/default/assets/img/services-left-image/cercle-shape.png]
[templates.envytheme.com/startp/default/assets/img/services-left-image/main-pic.png]
[templates.envytheme.com/startp/default/assets/img/team-image/1.jpg]
[templates.envytheme.com/startp/default/assets/img/team-image/2.jpg]
[templates.envytheme.com/startp/default/assets/img/team-image/3.jpg]
[templates.envytheme.com/startp/default/assets/img/team-image/4.jpg]
[templates.envytheme.com/startp/default/assets/img/team-image/5.jpg]
[templates.envytheme.com/startp/default/assets/img/map.png]
[templates.envytheme.com/startp/default/assets/img/works-image/1.jpg]
[templates.envytheme.com/startp/default/assets/img/works-image/2.jpg]
[templates.envytheme.com/startp/default/assets/img/works-image/3.jpg]
[templates.envytheme.com/startp/default/assets/img/works-image/4.jpg]
[templates.envytheme.com/startp/default/assets/img/works-image/5.jpg]
[templates.envytheme.com/startp/default/assets/img/client-image/1.jpg]
[templates.envytheme.com/startp/default/assets/img/client-image/2.jpg]
[templates.envytheme.com/startp/default/assets/img/client-image/3.jpg]
[templates.envytheme.com/startp/default/assets/img/client-image/4.jpg]
[templates.envytheme.com/startp/default/assets/img/client-image/5.jpg]
[templates.envytheme.com/startp/default/assets/img/partner-img/partner-1.png]
[templates.envytheme.com/startp/default/assets/img/partner-img/partner-hover1.png]
[templates.envytheme.com/startp/default/assets/img/partner-img/partner-2.png]
[templates.envytheme.com/startp/default/assets/img/partner-img/partner-hover2.png]
[templates.envytheme.com/startp/default/assets/img/partner-img/partner-3.png]
[templates.envytheme.com/startp/default/assets/img/partner-img/partner-hover3.png]
[templates.envytheme.com/startp/default/assets/img/partner-img/partner-4.png]
[templates.envytheme.com/startp/default/assets/img/partner-img/partner-hover4.png]
[templates.envytheme.com/startp/default/assets/img/partner-img/partner-5.png]
[templates.envytheme.com/startp/default/assets/img/partner-img/partner-hover5.png]
[templates.envytheme.com/startp/default/assets/img/partner-img/partner-6.png]
[templates.envytheme.com/startp/default/assets/img/partner-img/partner-hover6.png]
[templates.envytheme.com/startp/default/assets/img/partner-img/partner-7.png]
[templates.envytheme.com/startp/default/assets/img/partner-img/partner-hover7.png]
[templates.envytheme.com/startp/default/assets/img/partner-img/partner-8.png]
[templates.envytheme.com/startp/default/assets/img/partner-img/partner-hover8.png]
[templates.envytheme.com/startp/default/assets/img/partner-img/partner-9.png]
[templates.envytheme.com/startp/default/assets/img/partner-img/partner-hover9.png]
[templates.envytheme.com/startp/default/assets/img/partner-img/partner-10.png]
[templates.envytheme.com/startp/default/assets/img/partner-img/partner-hover10.png]
[templates.envytheme.com/startp/default/assets/img/partner-img/partner-11.png]
[templates.envytheme.com/startp/default/assets/img/partner-img/partner-hover11.png]
[templates.envytheme.com/startp/default/assets/img/partner-img/partner-12.png]
[templates.envytheme.com/startp/default/assets/img/partner-img/partner-hover12.png]
[templates.envytheme.com/startp/default/assets/img/partner-img/partner-13.png]
[templates.envytheme.com/startp/default/assets/img/partner-img/partner-hover13.png]
[templates.envytheme.com/startp/default/assets/img/partner-img/partner-14.png]
[templates.envytheme.com/startp/default/assets/img/partner-img/partner-hover14.png]
[templates.envytheme.com/startp/default/assets/img/partner-img/partner-15.png]
[templates.envytheme.com/startp/default/assets/img/partner-img/partner-hover15.png]
[templates.envytheme.com/startp/default/assets/img/partner-img/partner-16.png]
[templates.envytheme.com/startp/default/assets/img/partner-img/partner-hover16.png]
[templates.envytheme.com/startp/default/assets/img/partner-img/partner-17.png]
[templates.envytheme.com/startp/default/assets/img/partner-img/partner-hover17.png]
[templates.envytheme.com/startp/default/assets/img/partner-img/partner-18.png]
[templates.envytheme.com/startp/default/assets/img/partner-img/partner-hover18.png]
[templates.envytheme.com/startp/default/assets/img/blog-image/1.jpg]
[templates.envytheme.com/startp/default/assets/img/blog-image/2.jpg]
[templates.envytheme.com/startp/default/assets/img/blog-image/3.jpg]
[templates.envytheme.com/cdn-cgi/scripts/5c5dd728/cloudflare-static/email-decode.min.js]
[templates.envytheme.com/startp/default/assets/js/jquery.min.js]
[templates.envytheme.com/startp/default/assets/js/bootstrap.bundle.min.js]
[templates.envytheme.com/startp/default/assets/js/meanmenu.min.js]
[templates.envytheme.com/startp/default/assets/js/wow.min.js]
[templates.envytheme.com/startp/default/assets/js/magnific-popup.min.js]
[templates.envytheme.com/startp/default/assets/js/appear.min.js]
[templates.envytheme.com/startp/default/assets/js/odometer.min.js]
[templates.envytheme.com/startp/default/assets/js/slick.min.js]
[templates.envytheme.com/startp/default/assets/js/imagesloaded.pkgd.min.js]
[templates.envytheme.com/startp/default/assets/js/isotope.pkgd.min.js]
[templates.envytheme.com/startp/default/assets/js/owl.carousel.min.js]
[templates.envytheme.com/startp/default/assets/js/feather.min.js]
[templates.envytheme.com/startp/default/assets/js/form-validator.min.js]
[templates.envytheme.com/startp/default/assets/js/contact-form-script.js]
[templates.envytheme.com/startp/default/index.html]
[templates.envytheme.com/startp/default/assets/css/bootstrap.min.css]
[templates.envytheme.com/startp/default/assets/css/animate.min.css]
[templates.envytheme.com/startp/default/assets/css/meanmenu.css]
[templates.envytheme.com/startp/default/assets/js/main.js]
[templates.envytheme.com/startp/default/assets/fonts/boxicons.eot]
[templates.envytheme.com/startp/default/assets/fonts/boxicons.woff2]
[templates.envytheme.com/startp/default/assets/fonts/boxicons.woff]
[templates.envytheme.com/startp/default/assets/fonts/boxicons.ttf]
[templates.envytheme.com/startp/default/assets/css/boxicons.min.css]
[templates.envytheme.com/startp/default/assets/css/magnific-popup.min.css]
[templates.envytheme.com/startp/default/assets/fonts/boxiconsd41d.svg]
[templates.envytheme.com/startp/default/assets/css/owl.video.play.png]
[templates.envytheme.com/startp/default/assets/css/owl.carousel.min.css]
[templates.envytheme.com/startp/default/assets/fonts/Flaticon.eot]
[templates.envytheme.com/startp/default/assets/fonts/Flaticond41d.eot]
[templates.envytheme.com/startp/default/assets/fonts/Flaticon.woff2]
[templates.envytheme.com/startp/default/assets/fonts/Flaticon.woff]
[templates.envytheme.com/startp/default/assets/fonts/Flaticon.ttf]
[templates.envytheme.com/startp/default/assets/css/flaticon.css]
[templates.envytheme.com/startp/default/assets/css/odometer.min.css]
[templates.envytheme.com/startp/default/assets/css/slick.min.css]
[templates.envytheme.com/startp/default/assets/fonts/Flaticon.svg]
[templates.envytheme.com/startp/default/assets/img/banner-bg1.jpg]
[templates.envytheme.com/startp/default/assets/img/bigdata-analytics/funfacts-bg.jpg]
[templates.envytheme.com/startp/default/assets/img/layer.png]
[templates.envytheme.com/startp/default/assets/img/bigdata-analytics/main-banner.jpg]
[templates.envytheme.com/startp/default/assets/img/blog-image/7.jpg]
[templates.envytheme.com/startp/default/assets/img/blog-image/8.jpg]
[templates.envytheme.com/startp/default/assets/img/blog-image/9.jpg]
[templates.envytheme.com/startp/default/assets/img/coming-soon.jpg]
[templates.envytheme.com/startp/default/assets/img/oops-bg.jpg]
[templates.envytheme.com/startp/default/assets/img/repair-services-img/1.jpg]
[templates.envytheme.com/startp/default/assets/img/repair-services-img/2.jpg]
[templates.envytheme.com/startp/default/assets/img/repair-services-img/3.jpg]
[templates.envytheme.com/startp/default/assets/img/repair-services-img/4.jpg]
[templates.envytheme.com/startp/default/assets/img/repair-services-img/5.jpg]
[templates.envytheme.com/startp/default/assets/img/repair-services-img/6.jpg]
[templates.envytheme.com/startp/default/assets/img/banner-bg.jpg]
[templates.envytheme.com/startp/default/assets/img/agency-image/gradient-bg.jpg]
[templates.envytheme.com/startp/default/assets/img/agency-portfolio-main-banner/img1.jpg]
[templates.envytheme.com/startp/default/assets/img/agency-portfolio-main-banner/img2.jpg]
[templates.envytheme.com/startp/default/assets/img/agency-portfolio-main-banner/img3.jpg]
[templates.envytheme.com/startp/default/assets/img/creative-bg.jpg]
[templates.envytheme.com/startp/default/assets/img/sun.png]
[templates.envytheme.com/startp/default/assets/img/night-mode.png]
[templates.envytheme.com/startp/default/assets/css/style.css]
[templates.envytheme.com/startp/default/assets/css/responsive.css]
[templates.envytheme.com/startp/default/assets/css/dark-color/dark-style.css]
[templates.envytheme.com/startp/default/assets/css/color/brink-pink-style.css]
[templates.envytheme.com/startp/default/brink-pink-index.html]
[templates.envytheme.com/startp/default/assets/css/dark-color/brink-pink-dark-style.css]
[templates.envytheme.com/startp/default/assets/css/color/pink-style.css]
[templates.envytheme.com/startp/default/pink-index.html]
[templates.envytheme.com/startp/default/assets/css/dark-color/pink-dark-style.css]
[templates.envytheme.com/startp/default/assets/css/color/purple-style.css]
[templates.envytheme.com/startp/default/purple-index.html]
[templates.envytheme.com/startp/default/index-2.html]
[templates.envytheme.com/startp/default/brink-pink-index-2.html]
[templates.envytheme.com/startp/default/pink-index-2.html]
[templates.envytheme.com/startp/default/purple-index-2.html]
[templates.envytheme.com/startp/default/assets/css/dark-color/purple-dark-style.css]
[templates.envytheme.com/startp/default/assets/img/hosting-banner-image/1.png]
[templates.envytheme.com/startp/default/assets/img/hosting-banner-image/2.png]
[templates.envytheme.com/startp/default/assets/img/hosting-banner-image/3.png]
[templates.envytheme.com/startp/default/assets/img/hosting-banner-image/4.png]
[templates.envytheme.com/startp/default/assets/img/hosting-banner-image/5.png]
[templates.envytheme.com/startp/default/assets/img/hosting-banner-image/6.png]
[templates.envytheme.com/startp/default/assets/img/hosting-banner-image/7.png]
[templates.envytheme.com/startp/default/assets/img/hosting-banner-image/8.png]
[templates.envytheme.com/startp/default/assets/img/hosting-banner-image/9.png]
[templates.envytheme.com/startp/default/assets/img/hosting-banner-image/static-main.png]
[templates.envytheme.com/startp/default/assets/img/why-choose-us-image/man-stand.png]
[templates.envytheme.com/startp/default/assets/img/why-choose-us-image/database.png]
[templates.envytheme.com/startp/default/assets/img/why-choose-us-image/main-static.png]
[templates.envytheme.com/startp/default/index-3.html]
[templates.envytheme.com/startp/default/brink-pink-index-3.html]
[templates.envytheme.com/startp/default/pink-index-3.html]
[templates.envytheme.com/startp/default/purple-index-3.html]
[templates.envytheme.com/startp/default/assets/img/repair-banner-image/repair-banner-img.png]
[templates.envytheme.com/startp/default/assets/img/repair-banner-image/1.png]
[templates.envytheme.com/startp/default/assets/img/repair-banner-image/2.png]
[templates.envytheme.com/startp/default/assets/img/repair-banner-image/circle.png]
[templates.envytheme.com/startp/default/assets/img/about1.jpg]
[templates.envytheme.com/startp/default/assets/img/about2.jpg]
[templates.envytheme.com/startp/default/assets/img/about3.jpg]
[templates.envytheme.com/startp/default/assets/img/about-shape1.png]
[templates.envytheme.com/startp/default/assets/img/about-shape2.png]
[templates.envytheme.com/startp/default/assets/img/man-and-women.png]
[templates.envytheme.com/startp/default/assets/img/circle.png]
[templates.envytheme.com/startp/default/assets/img/cta-shape.png]
[templates.envytheme.com/startp/default/assets/img/repair-team-image/1.jpg]
[templates.envytheme.com/startp/default/assets/img/repair-team-image/2.jpg]
[templates.envytheme.com/startp/default/assets/img/repair-team-image/3.jpg]
[templates.envytheme.com/startp/default/assets/img/repair-team-image/4.jpg]
[templates.envytheme.com/startp/default/repair-index.html]
[templates.envytheme.com/startp/default/brink-pink-repair-index.html]
[templates.envytheme.com/startp/default/pink-repair-index.html]
[templates.envytheme.com/startp/default/purple-repair-index.html]
[templates.envytheme.com/startp/default/assets/img/iot-banner-image/1.png]
[templates.envytheme.com/startp/default/assets/img/iot-banner-image/2.png]
[templates.envytheme.com/startp/default/assets/img/cta-shape2.png]
[templates.envytheme.com/startp/default/assets/img/iot-features-image/1.png]
[templates.envytheme.com/startp/default/assets/img/iot-features-image/2.png]
[templates.envytheme.com/startp/default/assets/img/icon1.png]
[templates.envytheme.com/startp/default/assets/img/icon2.png]
[templates.envytheme.com/startp/default/assets/img/icon3.png]
[templates.envytheme.com/startp/default/iot-index.html]
[templates.envytheme.com/startp/default/brink-pink-iot-index.html]
[templates.envytheme.com/startp/default/pink-iot-index.html]
[templates.envytheme.com/startp/default/purple-iot-index.html]
[templates.envytheme.com/startp/default/assets/img/ml-banner-image/1.png]
[templates.envytheme.com/startp/default/assets/img/ml-banner-image/2.png]
[templates.envytheme.com/startp/default/assets/img/ml-banner-image/3.png]
[templates.envytheme.com/startp/default/assets/img/ml-banner-image/4.png]
[templates.envytheme.com/startp/default/assets/img/ml-banner-image/5.png]
[templates.envytheme.com/startp/default/assets/img/ml-banner-image/6.png]
[templates.envytheme.com/startp/default/assets/img/ml-banner-image/7.png]
[templates.envytheme.com/startp/default/assets/img/ml-banner-image/8.png]
[templates.envytheme.com/startp/default/assets/img/ml-banner-image/9.png]
[templates.envytheme.com/startp/default/assets/img/ml-banner-image/10.png]
[templates.envytheme.com/startp/default/assets/img/ml-banner-image/11.png]
[templates.envytheme.com/startp/default/assets/img/ml-banner-image/main-pic.png]
[templates.envytheme.com/startp/default/assets/img/icon4.png]
[templates.envytheme.com/startp/default/assets/img/icon5.png]
[templates.envytheme.com/startp/default/assets/img/icon6.png]
[templates.envytheme.com/startp/default/assets/img/icon7.png]
[templates.envytheme.com/startp/default/assets/img/about4.png]
[templates.envytheme.com/startp/default/assets/img/services-image/1.png]
[templates.envytheme.com/startp/default/assets/img/services-image/2.png]
[templates.envytheme.com/startp/default/assets/img/services-image/3.png]
[templates.envytheme.com/startp/default/assets/img/services-image/4.png]
[templates.envytheme.com/startp/default/assets/img/services-image/5.png]
[templates.envytheme.com/startp/default/assets/img/services-image/6.png]
[templates.envytheme.com/startp/default/assets/img/projects-img1.jpg]
[templates.envytheme.com/startp/default/assets/img/projects-img2.jpg]
[templates.envytheme.com/startp/default/assets/img/projects-img3.jpg]
[templates.envytheme.com/startp/default/assets/img/projects-img4.jpg]
[templates.envytheme.com/startp/default/assets/img/projects-img5.jpg]
[templates.envytheme.com/startp/default/assets/img/blog-image/10.jpg]
[templates.envytheme.com/startp/default/assets/img/blog-image/11.jpg]
[templates.envytheme.com/startp/default/assets/img/free-trial-img.png]
[templates.envytheme.com/startp/default/machine-learning-index.html]
[templates.envytheme.com/startp/default/brink-pink-machine-learning-index.html]
[templates.envytheme.com/startp/default/pink-machine-learning-index.html]
[templates.envytheme.com/startp/default/purple-machine-learning-index.html]
[templates.envytheme.com/startp/default/machine-learning-index-2.html]
[templates.envytheme.com/startp/default/brink-pink-machine-learning-index-2.html]
[templates.envytheme.com/startp/default/pink-machine-learning-index-2.html]
[templates.envytheme.com/startp/default/purple-machine-learning-index-2.html]
[templates.envytheme.com/startp/default/assets/img/agency-image/banner-img.jpg]
[templates.envytheme.com/startp/default/assets/img/agency-image/icon-bg.png]
[templates.envytheme.com/startp/default/assets/img/agency-image/shape1.png]
[templates.envytheme.com/startp/default/assets/img/agency-image/about-img.jpg]
[templates.envytheme.com/startp/default/assets/img/agency-image/shape2.png]
[templates.envytheme.com/startp/default/assets/img/agency-image/services-img1.jpg]
[templates.envytheme.com/startp/default/assets/img/agency-image/services-img2.jpg]
[templates.envytheme.com/startp/default/assets/img/agency-image/services-img3.jpg]
[templates.envytheme.com/startp/default/assets/img/agency-image/services-img4.jpg]
[templates.envytheme.com/startp/default/assets/img/agency-image/services-img5.jpg]
[templates.envytheme.com/startp/default/assets/img/agency-image/services-img6.jpg]
[templates.envytheme.com/startp/default/assets/img/agency-image/user1.png]
[templates.envytheme.com/startp/default/assets/img/agency-image/user2.png]
[templates.envytheme.com/startp/default/assets/img/agency-image/user3.png]
[templates.envytheme.com/startp/default/assets/img/agency-image/user4.png]
[templates.envytheme.com/startp/default/assets/img/agency-image/user5.png]
[templates.envytheme.com/startp/default/assets/img/agency-image/user6.png]
[templates.envytheme.com/startp/default/agency-index.html]
[templates.envytheme.com/startp/default/brink-pink-agency-index.html]
[templates.envytheme.com/startp/default/pink-agency-index.html]
[templates.envytheme.com/startp/default/purple-agency-index.html]
[templates.envytheme.com/startp/default/assets/img/agency-portfolio-projects/img1.jpg]
[templates.envytheme.com/startp/default/assets/img/agency-portfolio-projects/img2.jpg]
[templates.envytheme.com/startp/default/assets/img/agency-portfolio-projects/img3.jpg]
[templates.envytheme.com/startp/default/assets/img/agency-portfolio-projects/img4.jpg]
[templates.envytheme.com/startp/default/assets/img/agency-portfolio-projects/img6.jpg]
[templates.envytheme.com/startp/default/assets/img/agency-portfolio-projects/img5.jpg]
[templates.envytheme.com/startp/default/assets/img/agency-portfolio-projects/img9.jpg]
[templates.envytheme.com/startp/default/assets/img/agency-portfolio-projects/img8.jpg]
[templates.envytheme.com/startp/default/assets/img/agency-portfolio-projects/img7.jpg]
[templates.envytheme.com/startp/default/assets/img/agency-portfolio-projects/img11.jpg]
[templates.envytheme.com/startp/default/assets/img/agency-portfolio-projects/img10.jpg]
[templates.envytheme.com/startp/default/assets/img/agency-portfolio-about-image/img1.jpg]
[templates.envytheme.com/startp/default/assets/img/agency-portfolio-about-image/img2.jpg]
[templates.envytheme.com/startp/default/assets/img/agency-portfolio-about-image/img3.jpg]
[templates.envytheme.com/startp/default/assets/img/agency-portfolio-partner-image/img1.png]
[templates.envytheme.com/startp/default/assets/img/agency-portfolio-partner-image/img2.png]
[templates.envytheme.com/startp/default/assets/img/agency-portfolio-partner-image/img4.png]
[templates.envytheme.com/startp/default/assets/img/agency-portfolio-partner-image/img5.png]
[templates.envytheme.com/startp/default/assets/img/agency-portfolio-partner-image/img6.png]
[templates.envytheme.com/startp/default/assets/img/blog-image/4.jpg]
[templates.envytheme.com/startp/default/agency-portfolio-index.html]
[templates.envytheme.com/startp/default/brink-pink-agency-portfolio-index.html]
[templates.envytheme.com/startp/default/pink-agency-portfolio-index.html]
[templates.envytheme.com/startp/default/purple-agency-portfolio-index.html]
[templates.envytheme.com/startp/default/assets/img/bigdata-analytics/discover-img1.png]
[templates.envytheme.com/startp/default/assets/img/bigdata-analytics/discover-img2.jpg]
[templates.envytheme.com/startp/default/assets/img/bigdata-analytics/analytics-shape1.png]
[templates.envytheme.com/startp/default/assets/img/bigdata-analytics/icon1.png]
[templates.envytheme.com/startp/default/assets/img/bigdata-analytics/rectangle.png]
[templates.envytheme.com/startp/default/assets/img/bigdata-analytics/icon2.png]
[templates.envytheme.com/startp/default/assets/img/bigdata-analytics/icon3.png]
[templates.envytheme.com/startp/default/assets/img/bigdata-analytics/icon4.png]
[templates.envytheme.com/startp/default/assets/img/bigdata-analytics/icon5.png]
[templates.envytheme.com/startp/default/assets/img/bigdata-analytics/icon6.png]
[templates.envytheme.com/startp/default/assets/img/author1.jpg]
[templates.envytheme.com/startp/default/assets/img/author2.jpg]
[templates.envytheme.com/startp/default/assets/img/author3.jpg]
[templates.envytheme.com/startp/default/assets/img/bigdata-analytics/vector.png]
[templates.envytheme.com/startp/default/assets/img/bigdata-analytics/newsletter.jpg]
[templates.envytheme.com/startp/default/bigdata-analytics-index.html]
[templates.envytheme.com/startp/default/brink-pink-bigdata-analytics-index.html]
[templates.envytheme.com/startp/default/pink-bigdata-analytics-index.html]
[templates.envytheme.com/startp/default/purple-bigdata-analytics-index.html]
[templates.envytheme.com/startp/default/static-image-index.html]
[templates.envytheme.com/startp/default/static-image-index-2.html]
[templates.envytheme.com/startp/default/static-image-index-3.html]
[templates.envytheme.com/startp/default/assets/img/1.png]
[templates.envytheme.com/startp/default/about-1.html]
[templates.envytheme.com/startp/default/about-2.html]
[templates.envytheme.com/startp/default/about-3.html]
[templates.envytheme.com/startp/default/features.html]
[templates.envytheme.com/startp/default/assets/img/features-details-image/1.png]
[templates.envytheme.com/startp/default/single-features.html]
[templates.envytheme.com/startp/default/assets/img/features-details-image/2.png]
[templates.envytheme.com/startp/default/services-1.html]
[templates.envytheme.com/startp/default/services-2.html]
[templates.envytheme.com/startp/default/services-3.html]
[templates.envytheme.com/startp/default/services-4.html]
[templates.envytheme.com/startp/default/services-5.html]
[templates.envytheme.com/startp/default/assets/img/services-details-image/1.png]
[templates.envytheme.com/startp/default/single-services.html]
[templates.envytheme.com/startp/default/assets/img/services-details-image/2.png]
[templates.envytheme.com/startp/default/feedback.html]
[templates.envytheme.com/startp/default/project-1.html]
[templates.envytheme.com/startp/default/assets/img/projects-img6.jpg]
[templates.envytheme.com/startp/default/assets/img/projects-img7.jpg]
[templates.envytheme.com/startp/default/assets/img/projects-img8.jpg]
[templates.envytheme.com/startp/default/project-2.html]
[templates.envytheme.com/startp/default/single-project.html]
[templates.envytheme.com/startp/default/team.html]
[templates.envytheme.com/startp/default/pricing.html]
[templates.envytheme.com/startp/default/login.html]
[templates.envytheme.com/startp/default/register.html]
[templates.envytheme.com/startp/default/forgot-password.html]
[templates.envytheme.com/startp/default/privacy-policy.html]
[templates.envytheme.com/startp/default/terms-conditions.html]
[templates.envytheme.com/startp/default/faq.html]
[templates.envytheme.com/startp/default/coming-soon.html]
[templates.envytheme.com/startp/default/404-error.html]
[templates.envytheme.com/startp/default/assets/img/shop-image/1.jpg]
[templates.envytheme.com/startp/default/assets/img/shop-image/2.jpg]
[templates.envytheme.com/startp/default/assets/img/shop-image/3.jpg]
[templates.envytheme.com/startp/default/assets/img/shop-image/4.jpg]
[templates.envytheme.com/startp/default/assets/img/shop-image/5.jpg]
[templates.envytheme.com/startp/default/assets/img/shop-image/6.jpg]
[templates.envytheme.com/startp/default/assets/img/shop-image/7.jpg]
[templates.envytheme.com/startp/default/assets/img/shop-image/8.jpg]
[templates.envytheme.com/startp/default/shop.html]
[templates.envytheme.com/startp/default/assets/img/payment-image/1.svg]
[templates.envytheme.com/startp/default/assets/img/payment-image/2.svg]
[templates.envytheme.com/startp/default/assets/img/payment-image/3.svg]
[templates.envytheme.com/startp/default/assets/img/payment-image/4.svg]
[templates.envytheme.com/startp/default/assets/img/payment-image/5.svg]
[templates.envytheme.com/startp/default/assets/img/payment-image/6.svg]
[templates.envytheme.com/startp/default/single-products.html]
[templates.envytheme.com/startp/default/cart.html]
[templates.envytheme.com/startp/default/checkout.html]
[templates.envytheme.com/startp/default/assets/img/payment-image/7.svg]
[templates.envytheme.com/startp/default/assets/img/blog-image/5.jpg]
[templates.envytheme.com/startp/default/assets/img/blog-image/6.jpg]
[templates.envytheme.com/startp/default/blog-1.html]
[templates.envytheme.com/startp/default/blog-2.html]
[templates.envytheme.com/startp/default/assets/img/blog-image/12.jpg]
[templates.envytheme.com/startp/default/assets/img/blog-image/13.jpg]
[templates.envytheme.com/startp/default/assets/img/blog-image/14.jpg]
[templates.envytheme.com/startp/default/blog-3.html]
[templates.envytheme.com/startp/default/blog-4.html]
[templates.envytheme.com/startp/default/blog-5.html]
[templates.envytheme.com/startp/default/blog-6.html]
[templates.envytheme.com/startp/default/single-blog.html]
[templates.envytheme.com/startp/default/contact.html]
[templates.envytheme.com/startp/default/assets/img/shape2.svg]
[templates.envytheme.com/startp/default/assets/img/shape3.svg]
[templates.envytheme.com/startp/default/assets/img/shape4.svg]
[templates.envytheme.com/startp/default/assets/fonts/boxiconsd41d.svg]
[templates.envytheme.com/startp/default/assets/css/owl.video.play.html]
[templates.envytheme.com/startp/default/assets/fonts/Flaticon.svg]
[templates.envytheme.com/startp/default/assets/css/color/brink-pink-style.css]
[templates.envytheme.com/startp/default/assets/css/dark-color/brink-pink-dark-style.css]
[templates.envytheme.com/startp/default/assets/css/color/pink-style.css]
[templates.envytheme.com/startp/default/assets/css/dark-color/pink-dark-style.css]
[templates.envytheme.com/startp/default/assets/css/color/purple-style.css]
[templates.envytheme.com/startp/default/assets/css/dark-color/purple-dark-style.css]
[templates.envytheme.com/startp/default/assets/img/payment-image/1.svg]
[templates.envytheme.com/startp/default/assets/img/payment-image/2.svg]
[templates.envytheme.com/startp/default/assets/img/payment-image/3.svg]
[templates.envytheme.com/startp/default/assets/img/payment-image/4.svg]
[templates.envytheme.com/startp/default/assets/img/payment-image/5.svg]
[templates.envytheme.com/startp/default/assets/img/payment-image/6.svg]
[templates.envytheme.com/startp/default/assets/img/payment-image/7.svg]
