[themewagon.github.io/star-admin2-free-admin-template/index.html]
[backblue.gif]
[fade.gif]
[index.html]
[themewagon.github.io/star-admin2-free-admin-template/vendors/feather/feather.css]
[themewagon.github.io/star-admin2-free-admin-template/vendors/mdi/css/materialdesignicons.min.css]
[themewagon.github.io/star-admin2-free-admin-template/vendors/ti-icons/css/themify-icons.css]
[themewagon.github.io/star-admin2-free-admin-template/vendors/typicons/typicons.css]
[themewagon.github.io/star-admin2-free-admin-template/vendors/simple-line-icons/css/simple-line-icons.css]
[themewagon.github.io/star-admin2-free-admin-template/vendors/css/vendor.bundle.base.css]
[themewagon.github.io/star-admin2-free-admin-template/vendors/datatables.net-bs4/dataTables.bootstrap4.css]
[themewagon.github.io/star-admin2-free-admin-template/js/select.dataTables.min.css]
[themewagon.github.io/star-admin2-free-admin-template/css/vertical-layout-light/style.css]
[themewagon.github.io/star-admin2-free-admin-template/images/favicon.png]
[themewagon.github.io/star-admin2-free-admin-template/images/logo.svg]
[themewagon.github.io/star-admin2-free-admin-template/images/logo-mini.svg]
[themewagon.github.io/star-admin2-free-admin-template/images/faces/face10.jpg]
[themewagon.github.io/star-admin2-free-admin-template/images/faces/face12.jpg]
[themewagon.github.io/star-admin2-free-admin-template/images/faces/face1.jpg]
[themewagon.github.io/star-admin2-free-admin-template/images/faces/face8.jpg]
[themewagon.github.io/star-admin2-free-admin-template/images/faces/face2.jpg]
[themewagon.github.io/star-admin2-free-admin-template/images/faces/face3.jpg]
[themewagon.github.io/star-admin2-free-admin-template/images/faces/face4.jpg]
[themewagon.github.io/star-admin2-free-admin-template/images/faces/face5.jpg]
[themewagon.github.io/star-admin2-free-admin-template/images/faces/face6.jpg]
[themewagon.github.io/star-admin2-free-admin-template/pages/ui-features/buttons.html]
[themewagon.github.io/star-admin2-free-admin-template/pages/ui-features/dropdowns.html]
[themewagon.github.io/star-admin2-free-admin-template/pages/ui-features/typography.html]
[themewagon.github.io/star-admin2-free-admin-template/pages/forms/basic_elements.html]
[themewagon.github.io/star-admin2-free-admin-template/pages/charts/chartjs.html]
[themewagon.github.io/star-admin2-free-admin-template/pages/tables/basic-table.html]
[themewagon.github.io/star-admin2-free-admin-template/pages/icons/mdi.html]
[themewagon.github.io/star-admin2-free-admin-template/pages/samples/login.html]
[themewagon.github.io/star-admin2-free-admin-template/vendors/js/vendor.bundle.base.js]
[themewagon.github.io/star-admin2-free-admin-template/vendors/chart.js/Chart.min.js]
[themewagon.github.io/star-admin2-free-admin-template/vendors/bootstrap-datepicker/bootstrap-datepicker.min.js]
[themewagon.github.io/star-admin2-free-admin-template/vendors/progressbar.js/progressbar.min.js]
[themewagon.github.io/star-admin2-free-admin-template/js/off-canvas.js]
[themewagon.github.io/star-admin2-free-admin-template/js/hoverable-collapse.js]
[themewagon.github.io/star-admin2-free-admin-template/js/template.js]
[themewagon.github.io/star-admin2-free-admin-template/js/settings.js]
[themewagon.github.io/star-admin2-free-admin-template/js/todolist.js]
[themewagon.github.io/star-admin2-free-admin-template/js/dashboard.js]
[themewagon.github.io/star-admin2-free-admin-template/js/Chart.roundedBarCharts.js]
[themewagon.github.io/star-admin2-free-admin-template/index.html]
[themewagon.github.io/star-admin2-free-admin-template/vendors/feather/fonts/feather-webfont.eot]
[themewagon.github.io/star-admin2-free-admin-template/vendors/feather/fonts/feather-webfontd41d.eot]
[themewagon.github.io/star-admin2-free-admin-template/vendors/feather/fonts/feather-webfont.woff]
[themewagon.github.io/star-admin2-free-admin-template/vendors/feather/fonts/feather-webfont.ttf]
[themewagon.github.io/star-admin2-free-admin-template/vendors/feather/fonts/feather-webfont.svg]
[themewagon.github.io/star-admin2-free-admin-template/vendors/feather/feather.css]
[themewagon.github.io/star-admin2-free-admin-template/vendors/mdi/fonts/materialdesignicons-webfont3b9f.eot]
[themewagon.github.io/star-admin2-free-admin-template/vendors/mdi/fonts/materialdesignicons-webfontd41d.eot]
[themewagon.github.io/star-admin2-free-admin-template/vendors/mdi/fonts/materialdesignicons-webfont3b9f.woff2]
[themewagon.github.io/star-admin2-free-admin-template/vendors/mdi/fonts/materialdesignicons-webfont3b9f.woff]
[themewagon.github.io/star-admin2-free-admin-template/vendors/mdi/css/materialdesignicons.min.css]
[themewagon.github.io/star-admin2-free-admin-template/vendors/mdi/fonts/materialdesignicons-webfont3b9f.ttf]
[themewagon.github.io/star-admin2-free-admin-template/vendors/ti-icons/fonts/themify.eot]
[themewagon.github.io/star-admin2-free-admin-template/vendors/ti-icons/fonts/themifyd41d.eot]
[themewagon.github.io/star-admin2-free-admin-template/vendors/ti-icons/fonts/themify.woff]
[themewagon.github.io/star-admin2-free-admin-template/vendors/ti-icons/fonts/themify.ttf]
[themewagon.github.io/star-admin2-free-admin-template/vendors/ti-icons/css/themify-icons.css]
[themewagon.github.io/star-admin2-free-admin-template/vendors/ti-icons/fonts/themify.svg]
[themewagon.github.io/star-admin2-free-admin-template/vendors/typicons/typiconsc70e.eot]
[themewagon.github.io/star-admin2-free-admin-template/vendors/typicons/typicons2471.woff2]
[themewagon.github.io/star-admin2-free-admin-template/vendors/typicons/typicons2471.woff]
[themewagon.github.io/star-admin2-free-admin-template/vendors/typicons/typicons2471.ttf]
[themewagon.github.io/star-admin2-free-admin-template/vendors/typicons/typicons.css]
[themewagon.github.io/star-admin2-free-admin-template/vendors/typicons/typicons2471.svg]
[themewagon.github.io/star-admin2-free-admin-template/vendors/simple-line-icons/fonts/Simple-Line-Iconsb26c.eot]
[themewagon.github.io/star-admin2-free-admin-template/vendors/simple-line-icons/fonts/Simple-Line-Iconsb26c.woff2]
[themewagon.github.io/star-admin2-free-admin-template/vendors/simple-line-icons/fonts/Simple-Line-Iconsb26c.ttf]
[themewagon.github.io/star-admin2-free-admin-template/vendors/simple-line-icons/fonts/Simple-Line-Iconsb26c.woff]
[themewagon.github.io/star-admin2-free-admin-template/vendors/simple-line-icons/css/simple-line-icons.css]
[themewagon.github.io/star-admin2-free-admin-template/vendors/css/vendor.bundle.base.css]
[themewagon.github.io/star-admin2-free-admin-template/vendors/datatables.net-bs4/dataTables.bootstrap4.html]
[themewagon.github.io/star-admin2-free-admin-template/js/select.dataTables.min.css]
[themewagon.github.io/star-admin2-free-admin-template/vendors/simple-line-icons/fonts/Simple-Line-Iconsb26c.svg]
[themewagon.github.io/star-admin2-free-admin-template/images/dashboard/shape-1.svg]
[themewagon.github.io/star-admin2-free-admin-template/images/dashboard/shape-3.svg]
[themewagon.github.io/star-admin2-free-admin-template/images/dashboard/darkBG.png]
[themewagon.github.io/star-admin2-free-admin-template/images/dashboard/shape-4.svg]
[themewagon.github.io/star-admin2-free-admin-template/images/auth/login-bg.jpg]
[themewagon.github.io/star-admin2-free-admin-template/images/auth/register-bg.jpg]
[themewagon.github.io/star-admin2-free-admin-template/images/auth/lockscreen-bg.jpg]
[themewagon.github.io/star-admin2-free-admin-template/css/vertical-layout-light/style.css]
[themewagon.github.io/star-admin2-free-admin-template/images/logo.svg]
[themewagon.github.io/star-admin2-free-admin-template/images/logo-mini.svg]
[themewagon.github.io/star-admin2-free-admin-template/pages/ui-features/buttons.html]
[themewagon.github.io/star-admin2-free-admin-template/pages/ui-features/dropdowns.html]
[themewagon.github.io/star-admin2-free-admin-template/pages/ui-features/typography.html]
[themewagon.github.io/star-admin2-free-admin-template/vendors/select2/select2.min.css]
[themewagon.github.io/star-admin2-free-admin-template/vendors/select2-bootstrap-theme/select2-bootstrap.min.css]
[themewagon.github.io/star-admin2-free-admin-template/vendors/typeahead.js/typeahead.bundle.min.js]
[themewagon.github.io/star-admin2-free-admin-template/vendors/select2/select2.min.js]
[themewagon.github.io/star-admin2-free-admin-template/js/file-upload.js]
[themewagon.github.io/star-admin2-free-admin-template/js/typeahead.js]
[themewagon.github.io/star-admin2-free-admin-template/js/select2.js]
[themewagon.github.io/star-admin2-free-admin-template/pages/forms/basic_elements.html]
[themewagon.github.io/star-admin2-free-admin-template/js/chart.js]
[themewagon.github.io/star-admin2-free-admin-template/pages/charts/chartjs.html]
[themewagon.github.io/star-admin2-free-admin-template/images/faces/face7.jpg]
[themewagon.github.io/star-admin2-free-admin-template/pages/tables/basic-table.html]
[themewagon.github.io/star-admin2-free-admin-template/pages/icons/mdi.html]
[themewagon.github.io/star-admin2-free-admin-template/pages/samples/register.html]
[themewagon.github.io/star-admin2-free-admin-template/pages/samples/login.html]
[themewagon.github.io/star-admin2-free-admin-template/vendors/feather/fonts/feather-webfont.svg]
[themewagon.github.io/star-admin2-free-admin-template/vendors/ti-icons/fonts/themify.svg]
[themewagon.github.io/star-admin2-free-admin-template/vendors/typicons/typicons2471.svg]
[themewagon.github.io/star-admin2-free-admin-template/vendors/simple-line-icons/fonts/Simple-Line-Iconsb26c.svg]
[themewagon.github.io/star-admin2-free-admin-template/images/dashboard/shape-1.html]
[themewagon.github.io/star-admin2-free-admin-template/images/dashboard/shape-3.html]
[themewagon.github.io/star-admin2-free-admin-template/images/dashboard/shape-4.html]
[themewagon.github.io/star-admin2-free-admin-template/vendors/select2/select2.min.css]
[themewagon.github.io/star-admin2-free-admin-template/vendors/select2-bootstrap-theme/select2-bootstrap.min.css]
[themewagon.github.io/star-admin2-free-admin-template/pages/samples/register.html]
